// Jest Snapshot v1, https://goo.gl/fbAQLP

exports[`transaction process works properly 1`] = `
Array [
  Object {
    "PK": "tx#20IIqtalM9Sm9zOE99in4A--",
    "SK": "create",
    "Timestamp": 1580518800000,
    "apiKey": "pk_prod_MOCK",
    "country": "es",
    "cryptoCurrency": "BTC",
    "cryptocurrencyAddress": "bc1qxy2kgdygjrsqtzq2n0yrf2493p83kkfjhx0wlh",
    "extraFees": 30,
    "fiatAmount": 102,
    "fiatCurrency": "EUR",
    "paymentMethod": "creditCard",
  },
]
`;
